============================= test session starts =============================
platform win32 -- Python 3.14.2, pytest-9.0.2, pluggy-1.6.0 -- C:\Users\praga\AppData\Local\Python\pythoncore-3.14-64\python.exe
cachedir: .pytest_cache
rootdir: C:\Users\praga\OneDrive\Desktop\UnderWire
configfile: pytest.ini
plugins: anyio-4.12.1, Faker-40.12.0, asyncio-1.3.0
asyncio: mode=Mode.AUTO, debug=False, asyncio_default_fixture_loop_scope=None, asyncio_default_test_loop_scope=function
collecting ... collected 51 items

tests/test_environment.py::TestOpenEnvAPI::test_reset_easy_returns_8_files PASSED [  1%]
tests/test_environment.py::TestOpenEnvAPI::test_reset_medium_returns_12_deps PASSED [  3%]
tests/test_environment.py::TestOpenEnvAPI::test_reset_hard_returns_files_and_deps PASSED [  5%]
tests/test_environment.py::TestOpenEnvAPI::test_determinism_all_tasks[classify_licenses-1] PASSED [  7%]
tests/test_environment.py::TestOpenEnvAPI::test_determinism_all_tasks[detect_conflicts-1] PASSED [  9%]
tests/test_environment.py::TestOpenEnvAPI::test_determinism_all_tasks[generate_compliance_report-1] PASSED [ 11%]
tests/test_environment.py::TestOpenEnvAPI::test_different_seeds_produce_different_scenarios PASSED [ 13%]
tests/test_environment.py::TestOpenEnvAPI::test_reset_clears_state PASSED [ 15%]
tests/test_environment.py::TestOpenEnvAPI::test_unknown_task_falls_back_to_easy PASSED [ 17%]
tests/test_environment.py::TestEasyTask::test_generate_report_ends_episode PASSED [ 19%]
tests/test_environment.py::TestEasyTask::test_correct_classification_gives_positive_reward PASSED [ 21%]
tests/test_environment.py::TestEasyTask::test_wrong_classification_gives_negative_reward PASSED [ 23%]
tests/test_environment.py::TestEasyTask::test_missing_target_penalised PASSED [ 25%]
tests/test_environment.py::TestEasyTask::test_max_steps_terminates_episode PASSED [ 27%]
tests/test_environment.py::TestMediumTask::test_fp_heavy_run_scores_low PASSED [ 29%]
tests/test_environment.py::TestMediumTask::test_no_actions_scores_near_zero PASSED [ 31%]
tests/test_environment.py::TestMediumTask::test_correct_conflict_flag_gives_positive_reward PASSED [ 33%]
tests/test_environment.py::TestHardTask::test_max_steps_is_50 PASSED     [ 35%]
tests/test_environment.py::TestHardTask::test_episode_ends_at_step_limit PASSED [ 37%]
tests/test_environment.py::TestHardTask::test_score_ceiling_is_80_percent PASSED [ 39%]
tests/test_environment.py::TestRewardModel::test_final_score_always_in_range[classify_licenses] PASSED [ 41%]
tests/test_environment.py::TestRewardModel::test_final_score_always_in_range[detect_conflicts] PASSED [ 43%]
tests/test_environment.py::TestRewardModel::test_final_score_always_in_range[generate_compliance_report] PASSED [ 45%]
tests/test_environment.py::TestBrierCalibration::test_overconfident_wrong_penalises_calibration PASSED [ 47%]
tests/test_environment.py::TestBrierCalibration::test_perfect_confidence_correct_answer_scores_high PASSED [ 49%]
tests/test_environment.py::TestBrierCalibration::test_deceptive_file_correct_answer_gives_bonus PASSED [ 50%]
tests/test_environment.py::TestBrierCalibration::test_efficiency_bonus_awarded_under_60pct_steps PASSED [ 52%]
tests/test_environment.py::TestBrierCalibration::test_no_efficiency_bonus_when_slow PASSED [ 54%]
tests/test_environment.py::TestMediumGrader::test_perfect_detection_scores_high PASSED [ 56%]
tests/test_environment.py::TestMediumGrader::test_false_positive_reduces_precision PASSED [ 58%]
tests/test_environment.py::TestMediumGrader::test_false_negative_reduces_recall PASSED [ 60%]
tests/test_environment.py::TestDeceptiveLicenses::test_easy_scenario_contains_deceptive_file PASSED [ 62%]
tests/test_environment.py::TestDeceptiveLicenses::test_deceptive_file_has_mismatched_header_and_body PASSED [ 64%]
tests/test_environment.py::TestLicenseCorpus::test_normalize_canonical_spdx PASSED [ 66%]
tests/test_environment.py::TestLicenseCorpus::test_normalize_alias PASSED [ 68%]
tests/test_environment.py::TestLicenseCorpus::test_normalize_unknown_returns_none PASSED [ 70%]
tests/test_environment.py::TestLicenseCorpus::test_get_conflict_severity_agpl_saas PASSED [ 72%]
tests/test_environment.py::TestLicenseCorpus::test_get_conflict_severity_permissive_is_safe PASSED [ 74%]
tests/test_environment.py::TestAPIEndpoints::test_root PASSED            [ 76%]
tests/test_environment.py::TestAPIEndpoints::test_health FAILED          [ 78%]
tests/test_environment.py::TestAPIEndpoints::test_create_session FAILED  [ 80%]
tests/test_environment.py::TestAPIEndpoints::test_step_session FAILED    [ 82%]
tests/test_environment.py::TestAPIEndpoints::test_get_score FAILED       [ 84%]
tests/test_environment.py::TestAPIEndpoints::test_list_sessions_returns_list FAILED [ 86%]
tests/test_environment.py::TestAPIEndpoints::test_delete_session FAILED  [ 88%]
tests/test_environment.py::TestAPIEndpoints::test_delete_nonexistent_session FAILED [ 90%]
tests/test_environment.py::TestAPIEndpoints::test_step_nonexistent_session FAILED [ 92%]
tests/test_environment.py::TestAPIEndpoints::test_invalid_task_id_still_creates_session FAILED [ 94%]
tests/test_environment.py::TestAPIEndpoints::test_all_task_types_create_successfully[classify_licenses] FAILED [ 96%]
tests/test_environment.py::TestAPIEndpoints::test_all_task_types_create_successfully[detect_conflicts] FAILED [ 98%]
tests/test_environment.py::TestAPIEndpoints::test_all_task_types_create_successfully[generate_compliance_report] FAILED [100%]

================================== FAILURES ===================================
________________________ TestAPIEndpoints.test_health _________________________
tests\test_environment.py:393: in test_health
    assert r.status_code == 200
E   assert 500 == 200
E    +  where 500 = <Response [500 Internal Server Error]>.status_code
____________________ TestAPIEndpoints.test_create_session _____________________
tests\test_environment.py:397: in test_create_session
    r = client.post("/env/create", json={"task_id": "classify_licenses", "seed": 42})
        ^^^^^^^^^^^^^^^^^^^^^^^^^^^^^^^^^^^^^^^^^^^^^^^^^^^^^^^^^^^^^^^^^^^^^^^^^^^^^
..\..\..\AppData\Local\Python\pythoncore-3.14-64\Lib\site-packages\starlette\testclient.py:546: in post
    return super().post(
..\..\..\AppData\Local\Python\pythoncore-3.14-64\Lib\site-packages\httpx\_client.py:1144: in post
    return self.request(
..\..\..\AppData\Local\Python\pythoncore-3.14-64\Lib\site-packages\starlette\testclient.py:445: in request
    return super().request(
..\..\..\AppData\Local\Python\pythoncore-3.14-64\Lib\site-packages\httpx\_client.py:825: in request
    return self.send(request, auth=auth, follow_redirects=follow_redirects)
           ^^^^^^^^^^^^^^^^^^^^^^^^^^^^^^^^^^^^^^^^^^^^^^^^^^^^^^^^^^^^^^^^
..\..\..\AppData\Local\Python\pythoncore-3.14-64\Lib\site-packages\httpx\_client.py:914: in send
    response = self._send_handling_auth(
..\..\..\AppData\Local\Python\pythoncore-3.14-64\Lib\site-packages\httpx\_client.py:942: in _send_handling_auth
    response = self._send_handling_redirects(
..\..\..\AppData\Local\Python\pythoncore-3.14-64\Lib\site-packages\httpx\_client.py:979: in _send_handling_redirects
    response = self._send_single_request(request)
               ^^^^^^^^^^^^^^^^^^^^^^^^^^^^^^^^^^
..\..\..\AppData\Local\Python\pythoncore-3.14-64\Lib\site-packages\httpx\_client.py:1014: in _send_single_request
    response = transport.handle_request(request)
               ^^^^^^^^^^^^^^^^^^^^^^^^^^^^^^^^^
..\..\..\AppData\Local\Python\pythoncore-3.14-64\Lib\site-packages\starlette\testclient.py:348: in handle_request
    raise exc
..\..\..\AppData\Local\Python\pythoncore-3.14-64\Lib\site-packages\starlette\testclient.py:345: in handle_request
    portal.call(self.app, scope, receive, send)
..\..\..\AppData\Local\Python\pythoncore-3.14-64\Lib\site-packages\anyio\from_thread.py:334: in call
    return cast(T_Retval, self.start_task_soon(func, *args).result())
                          ^^^^^^^^^^^^^^^^^^^^^^^^^^^^^^^^^^^^^^^^^^
..\..\..\AppData\Local\Python\pythoncore-3.14-64\Lib\concurrent\futures\_base.py:450: in result
    return self.__get_result()
           ^^^^^^^^^^^^^^^^^^^
..\..\..\AppData\Local\Python\pythoncore-3.14-64\Lib\concurrent\futures\_base.py:395: in __get_result
    raise self._exception
..\..\..\AppData\Local\Python\pythoncore-3.14-64\Lib\site-packages\anyio\from_thread.py:259: in _call_func
    retval = await retval_or_awaitable
             ^^^^^^^^^^^^^^^^^^^^^^^^^
..\..\..\AppData\Local\Python\pythoncore-3.14-64\Lib\site-packages\fastapi\applications.py:1138: in __call__
    await super().__call__(scope, receive, send)
..\..\..\AppData\Local\Python\pythoncore-3.14-64\Lib\site-packages\starlette\applications.py:107: in __call__
    await self.middleware_stack(scope, receive, send)
..\..\..\AppData\Local\Python\pythoncore-3.14-64\Lib\site-packages\starlette\middleware\errors.py:186: in __call__
    raise exc
..\..\..\AppData\Local\Python\pythoncore-3.14-64\Lib\site-packages\starlette\middleware\errors.py:164: in __call__
    await self.app(scope, receive, _send)
..\..\..\AppData\Local\Python\pythoncore-3.14-64\Lib\site-packages\starlette\middleware\exceptions.py:63: in __call__
    await wrap_app_handling_exceptions(self.app, conn)(scope, receive, send)
..\..\..\AppData\Local\Python\pythoncore-3.14-64\Lib\site-packages\starlette\_exception_handler.py:53: in wrapped_app
    raise exc
..\..\..\AppData\Local\Python\pythoncore-3.14-64\Lib\site-packages\starlette\_exception_handler.py:42: in wrapped_app
    await app(scope, receive, sender)
..\..\..\AppData\Local\Python\pythoncore-3.14-64\Lib\site-packages\fastapi\middleware\asyncexitstack.py:18: in __call__
    await self.app(scope, receive, send)
..\..\..\AppData\Local\Python\pythoncore-3.14-64\Lib\site-packages\starlette\routing.py:716: in __call__
    await self.middleware_stack(scope, receive, send)
..\..\..\AppData\Local\Python\pythoncore-3.14-64\Lib\site-packages\starlette\routing.py:736: in app
    await route.handle(scope, receive, send)
..\..\..\AppData\Local\Python\pythoncore-3.14-64\Lib\site-packages\starlette\routing.py:290: in handle
    await self.app(scope, receive, send)
..\..\..\AppData\Local\Python\pythoncore-3.14-64\Lib\site-packages\fastapi\routing.py:121: in app
    await wrap_app_handling_exceptions(app, request)(scope, receive, send)
..\..\..\AppData\Local\Python\pythoncore-3.14-64\Lib\site-packages\starlette\_exception_handler.py:53: in wrapped_app
    raise exc
..\..\..\AppData\Local\Python\pythoncore-3.14-64\Lib\site-packages\starlette\_exception_handler.py:42: in wrapped_app
    await app(scope, receive, sender)
..\..\..\AppData\Local\Python\pythoncore-3.14-64\Lib\site-packages\fastapi\routing.py:107: in app
    response = await f(request)
               ^^^^^^^^^^^^^^^^
..\..\..\AppData\Local\Python\pythoncore-3.14-64\Lib\site-packages\fastapi\routing.py:426: in app
    raw_response = await run_endpoint_function(
..\..\..\AppData\Local\Python\pythoncore-3.14-64\Lib\site-packages\fastapi\routing.py:316: in run_endpoint_function
    return await run_in_threadpool(dependant.call, **values)
           ^^^^^^^^^^^^^^^^^^^^^^^^^^^^^^^^^^^^^^^^^^^^^^^^^
..\..\..\AppData\Local\Python\pythoncore-3.14-64\Lib\site-packages\starlette\concurrency.py:32: in run_in_threadpool
    return await anyio.to_thread.run_sync(func)
           ^^^^^^^^^^^^^^^^^^^^^^^^^^^^^^^^^^^^
..\..\..\AppData\Local\Python\pythoncore-3.14-64\Lib\site-packages\anyio\to_thread.py:63: in run_sync
    return await get_async_backend().run_sync_in_worker_thread(
..\..\..\AppData\Local\Python\pythoncore-3.14-64\Lib\site-packages\anyio\_backends\_asyncio.py:2502: in run_sync_in_worker_thread
    return await future
           ^^^^^^^^^^^^
..\..\..\AppData\Local\Python\pythoncore-3.14-64\Lib\site-packages\anyio\_backends\_asyncio.py:986: in run
    result = context.run(func, *args)
             ^^^^^^^^^^^^^^^^^^^^^^^^
server.py:78: in create_session
    with get_db() as conn:
         ^^^^^^^^
server.py:19: in get_db
    conn = sqlite3.connect(DB_PATH)
           ^^^^^^^^^^^^^^^^^^^^^^^^
E   sqlite3.OperationalError: unable to open database file
_____________________ TestAPIEndpoints.test_step_session ______________________
tests\test_environment.py:405: in test_step_session
    r = client.post("/env/create", json={"task_id": "classify_licenses", "seed": 1})
        ^^^^^^^^^^^^^^^^^^^^^^^^^^^^^^^^^^^^^^^^^^^^^^^^^^^^^^^^^^^^^^^^^^^^^^^^^^^^
..\..\..\AppData\Local\Python\pythoncore-3.14-64\Lib\site-packages\starlette\testclient.py:546: in post
    return super().post(
..\..\..\AppData\Local\Python\pythoncore-3.14-64\Lib\site-packages\httpx\_client.py:1144: in post
    return self.request(
..\..\..\AppData\Local\Python\pythoncore-3.14-64\Lib\site-packages\starlette\testclient.py:445: in request
    return super().request(
..\..\..\AppData\Local\Python\pythoncore-3.14-64\Lib\site-packages\httpx\_client.py:825: in request
    return self.send(request, auth=auth, follow_redirects=follow_redirects)
           ^^^^^^^^^^^^^^^^^^^^^^^^^^^^^^^^^^^^^^^^^^^^^^^^^^^^^^^^^^^^^^^^
..\..\..\AppData\Local\Python\pythoncore-3.14-64\Lib\site-packages\httpx\_client.py:914: in send
    response = self._send_handling_auth(
..\..\..\AppData\Local\Python\pythoncore-3.14-64\Lib\site-packages\httpx\_client.py:942: in _send_handling_auth
    response = self._send_handling_redirects(
..\..\..\AppData\Local\Python\pythoncore-3.14-64\Lib\site-packages\httpx\_client.py:979: in _send_handling_redirects
    response = self._send_single_request(request)
               ^^^^^^^^^^^^^^^^^^^^^^^^^^^^^^^^^^
..\..\..\AppData\Local\Python\pythoncore-3.14-64\Lib\site-packages\httpx\_client.py:1014: in _send_single_request
    response = transport.handle_request(request)
               ^^^^^^^^^^^^^^^^^^^^^^^^^^^^^^^^^
..\..\..\AppData\Local\Python\pythoncore-3.14-64\Lib\site-packages\starlette\testclient.py:348: in handle_request
    raise exc
..\..\..\AppData\Local\Python\pythoncore-3.14-64\Lib\site-packages\starlette\testclient.py:345: in handle_request
    portal.call(self.app, scope, receive, send)
..\..\..\AppData\Local\Python\pythoncore-3.14-64\Lib\site-packages\anyio\from_thread.py:334: in call
    return cast(T_Retval, self.start_task_soon(func, *args).result())
                          ^^^^^^^^^^^^^^^^^^^^^^^^^^^^^^^^^^^^^^^^^^
..\..\..\AppData\Local\Python\pythoncore-3.14-64\Lib\concurrent\futures\_base.py:450: in result
    return self.__get_result()
           ^^^^^^^^^^^^^^^^^^^
..\..\..\AppData\Local\Python\pythoncore-3.14-64\Lib\concurrent\futures\_base.py:395: in __get_result
    raise self._exception
..\..\..\AppData\Local\Python\pythoncore-3.14-64\Lib\site-packages\anyio\from_thread.py:259: in _call_func
    retval = await retval_or_awaitable
             ^^^^^^^^^^^^^^^^^^^^^^^^^
..\..\..\AppData\Local\Python\pythoncore-3.14-64\Lib\site-packages\fastapi\applications.py:1138: in __call__
    await super().__call__(scope, receive, send)
..\..\..\AppData\Local\Python\pythoncore-3.14-64\Lib\site-packages\starlette\applications.py:107: in __call__
    await self.middleware_stack(scope, receive, send)
..\..\..\AppData\Local\Python\pythoncore-3.14-64\Lib\site-packages\starlette\middleware\errors.py:186: in __call__
    raise exc
..\..\..\AppData\Local\Python\pythoncore-3.14-64\Lib\site-packages\starlette\middleware\errors.py:164: in __call__
    await self.app(scope, receive, _send)
..\..\..\AppData\Local\Python\pythoncore-3.14-64\Lib\site-packages\starlette\middleware\exceptions.py:63: in __call__
    await wrap_app_handling_exceptions(self.app, conn)(scope, receive, send)
..\..\..\AppData\Local\Python\pythoncore-3.14-64\Lib\site-packages\starlette\_exception_handler.py:53: in wrapped_app
    raise exc
..\..\..\AppData\Local\Python\pythoncore-3.14-64\Lib\site-packages\starlette\_exception_handler.py:42: in wrapped_app
    await app(scope, receive, sender)
..\..\..\AppData\Local\Python\pythoncore-3.14-64\Lib\site-packages\fastapi\middleware\asyncexitstack.py:18: in __call__
    await self.app(scope, receive, send)
..\..\..\AppData\Local\Python\pythoncore-3.14-64\Lib\site-packages\starlette\routing.py:716: in __call__
    await self.middleware_stack(scope, receive, send)
..\..\..\AppData\Local\Python\pythoncore-3.14-64\Lib\site-packages\starlette\routing.py:736: in app
    await route.handle(scope, receive, send)
..\..\..\AppData\Local\Python\pythoncore-3.14-64\Lib\site-packages\starlette\routing.py:290: in handle
    await self.app(scope, receive, send)
..\..\..\AppData\Local\Python\pythoncore-3.14-64\Lib\site-packages\fastapi\routing.py:121: in app
    await wrap_app_handling_exceptions(app, request)(scope, receive, send)
..\..\..\AppData\Local\Python\pythoncore-3.14-64\Lib\site-packages\starlette\_exception_handler.py:53: in wrapped_app
    raise exc
..\..\..\AppData\Local\Python\pythoncore-3.14-64\Lib\site-packages\starlette\_exception_handler.py:42: in wrapped_app
    await app(scope, receive, sender)
..\..\..\AppData\Local\Python\pythoncore-3.14-64\Lib\site-packages\fastapi\routing.py:107: in app
    response = await f(request)
               ^^^^^^^^^^^^^^^^
..\..\..\AppData\Local\Python\pythoncore-3.14-64\Lib\site-packages\fastapi\routing.py:426: in app
    raw_response = await run_endpoint_function(
..\..\..\AppData\Local\Python\pythoncore-3.14-64\Lib\site-packages\fastapi\routing.py:316: in run_endpoint_function
    return await run_in_threadpool(dependant.call, **values)
           ^^^^^^^^^^^^^^^^^^^^^^^^^^^^^^^^^^^^^^^^^^^^^^^^^
..\..\..\AppData\Local\Python\pythoncore-3.14-64\Lib\site-packages\starlette\concurrency.py:32: in run_in_threadpool
    return await anyio.to_thread.run_sync(func)
           ^^^^^^^^^^^^^^^^^^^^^^^^^^^^^^^^^^^^
..\..\..\AppData\Local\Python\pythoncore-3.14-64\Lib\site-packages\anyio\to_thread.py:63: in run_sync
    return await get_async_backend().run_sync_in_worker_thread(
..\..\..\AppData\Local\Python\pythoncore-3.14-64\Lib\site-packages\anyio\_backends\_asyncio.py:2502: in run_sync_in_worker_thread
    return await future
           ^^^^^^^^^^^^
..\..\..\AppData\Local\Python\pythoncore-3.14-64\Lib\site-packages\anyio\_backends\_asyncio.py:986: in run
    result = context.run(func, *args)
             ^^^^^^^^^^^^^^^^^^^^^^^^
server.py:78: in create_session
    with get_db() as conn:
         ^^^^^^^^
server.py:19: in get_db
    conn = sqlite3.connect(DB_PATH)
           ^^^^^^^^^^^^^^^^^^^^^^^^
E   sqlite3.OperationalError: unable to open database file
_______________________ TestAPIEndpoints.test_get_score _______________________
tests\test_environment.py:422: in test_get_score
    r = client.post("/env/create", json={"task_id": "classify_licenses", "seed": 2})
        ^^^^^^^^^^^^^^^^^^^^^^^^^^^^^^^^^^^^^^^^^^^^^^^^^^^^^^^^^^^^^^^^^^^^^^^^^^^^
..\..\..\AppData\Local\Python\pythoncore-3.14-64\Lib\site-packages\starlette\testclient.py:546: in post
    return super().post(
..\..\..\AppData\Local\Python\pythoncore-3.14-64\Lib\site-packages\httpx\_client.py:1144: in post
    return self.request(
..\..\..\AppData\Local\Python\pythoncore-3.14-64\Lib\site-packages\starlette\testclient.py:445: in request
    return super().request(
..\..\..\AppData\Local\Python\pythoncore-3.14-64\Lib\site-packages\httpx\_client.py:825: in request
    return self.send(request, auth=auth, follow_redirects=follow_redirects)
           ^^^^^^^^^^^^^^^^^^^^^^^^^^^^^^^^^^^^^^^^^^^^^^^^^^^^^^^^^^^^^^^^
..\..\..\AppData\Local\Python\pythoncore-3.14-64\Lib\site-packages\httpx\_client.py:914: in send
    response = self._send_handling_auth(
..\..\..\AppData\Local\Python\pythoncore-3.14-64\Lib\site-packages\httpx\_client.py:942: in _send_handling_auth
    response = self._send_handling_redirects(
..\..\..\AppData\Local\Python\pythoncore-3.14-64\Lib\site-packages\httpx\_client.py:979: in _send_handling_redirects
    response = self._send_single_request(request)
               ^^^^^^^^^^^^^^^^^^^^^^^^^^^^^^^^^^
..\..\..\AppData\Local\Python\pythoncore-3.14-64\Lib\site-packages\httpx\_client.py:1014: in _send_single_request
    response = transport.handle_request(request)
               ^^^^^^^^^^^^^^^^^^^^^^^^^^^^^^^^^
..\..\..\AppData\Local\Python\pythoncore-3.14-64\Lib\site-packages\starlette\testclient.py:348: in handle_request
    raise exc
..\..\..\AppData\Local\Python\pythoncore-3.14-64\Lib\site-packages\starlette\testclient.py:345: in handle_request
    portal.call(self.app, scope, receive, send)
..\..\..\AppData\Local\Python\pythoncore-3.14-64\Lib\site-packages\anyio\from_thread.py:334: in call
    return cast(T_Retval, self.start_task_soon(func, *args).result())
                          ^^^^^^^^^^^^^^^^^^^^^^^^^^^^^^^^^^^^^^^^^^
..\..\..\AppData\Local\Python\pythoncore-3.14-64\Lib\concurrent\futures\_base.py:450: in result
    return self.__get_result()
           ^^^^^^^^^^^^^^^^^^^
..\..\..\AppData\Local\Python\pythoncore-3.14-64\Lib\concurrent\futures\_base.py:395: in __get_result
    raise self._exception
..\..\..\AppData\Local\Python\pythoncore-3.14-64\Lib\site-packages\anyio\from_thread.py:259: in _call_func
    retval = await retval_or_awaitable
             ^^^^^^^^^^^^^^^^^^^^^^^^^
..\..\..\AppData\Local\Python\pythoncore-3.14-64\Lib\site-packages\fastapi\applications.py:1138: in __call__
    await super().__call__(scope, receive, send)
..\..\..\AppData\Local\Python\pythoncore-3.14-64\Lib\site-packages\starlette\applications.py:107: in __call__
    await self.middleware_stack(scope, receive, send)
..\..\..\AppData\Local\Python\pythoncore-3.14-64\Lib\site-packages\starlette\middleware\errors.py:186: in __call__
    raise exc
..\..\..\AppData\Local\Python\pythoncore-3.14-64\Lib\site-packages\starlette\middleware\errors.py:164: in __call__
    await self.app(scope, receive, _send)
..\..\..\AppData\Local\Python\pythoncore-3.14-64\Lib\site-packages\starlette\middleware\exceptions.py:63: in __call__
    await wrap_app_handling_exceptions(self.app, conn)(scope, receive, send)
..\..\..\AppData\Local\Python\pythoncore-3.14-64\Lib\site-packages\starlette\_exception_handler.py:53: in wrapped_app
    raise exc
..\..\..\AppData\Local\Python\pythoncore-3.14-64\Lib\site-packages\starlette\_exception_handler.py:42: in wrapped_app
    await app(scope, receive, sender)
..\..\..\AppData\Local\Python\pythoncore-3.14-64\Lib\site-packages\fastapi\middleware\asyncexitstack.py:18: in __call__
    await self.app(scope, receive, send)
..\..\..\AppData\Local\Python\pythoncore-3.14-64\Lib\site-packages\starlette\routing.py:716: in __call__
    await self.middleware_stack(scope, receive, send)
..\..\..\AppData\Local\Python\pythoncore-3.14-64\Lib\site-packages\starlette\routing.py:736: in app
    await route.handle(scope, receive, send)
..\..\..\AppData\Local\Python\pythoncore-3.14-64\Lib\site-packages\starlette\routing.py:290: in handle
    await self.app(scope, receive, send)
..\..\..\AppData\Local\Python\pythoncore-3.14-64\Lib\site-packages\fastapi\routing.py:121: in app
    await wrap_app_handling_exceptions(app, request)(scope, receive, send)
..\..\..\AppData\Local\Python\pythoncore-3.14-64\Lib\site-packages\starlette\_exception_handler.py:53: in wrapped_app
    raise exc
..\..\..\AppData\Local\Python\pythoncore-3.14-64\Lib\site-packages\starlette\_exception_handler.py:42: in wrapped_app
    await app(scope, receive, sender)
..\..\..\AppData\Local\Python\pythoncore-3.14-64\Lib\site-packages\fastapi\routing.py:107: in app
    response = await f(request)
               ^^^^^^^^^^^^^^^^
..\..\..\AppData\Local\Python\pythoncore-3.14-64\Lib\site-packages\fastapi\routing.py:426: in app
    raw_response = await run_endpoint_function(
..\..\..\AppData\Local\Python\pythoncore-3.14-64\Lib\site-packages\fastapi\routing.py:316: in run_endpoint_function
    return await run_in_threadpool(dependant.call, **values)
           ^^^^^^^^^^^^^^^^^^^^^^^^^^^^^^^^^^^^^^^^^^^^^^^^^
..\..\..\AppData\Local\Python\pythoncore-3.14-64\Lib\site-packages\starlette\concurrency.py:32: in run_in_threadpool
    return await anyio.to_thread.run_sync(func)
           ^^^^^^^^^^^^^^^^^^^^^^^^^^^^^^^^^^^^
..\..\..\AppData\Local\Python\pythoncore-3.14-64\Lib\site-packages\anyio\to_thread.py:63: in run_sync
    return await get_async_backend().run_sync_in_worker_thread(
..\..\..\AppData\Local\Python\pythoncore-3.14-64\Lib\site-packages\anyio\_backends\_asyncio.py:2502: in run_sync_in_worker_thread
    return await future
           ^^^^^^^^^^^^
..\..\..\AppData\Local\Python\pythoncore-3.14-64\Lib\site-packages\anyio\_backends\_asyncio.py:986: in run
    result = context.run(func, *args)
             ^^^^^^^^^^^^^^^^^^^^^^^^
server.py:78: in create_session
    with get_db() as conn:
         ^^^^^^^^
server.py:19: in get_db
    conn = sqlite3.connect(DB_PATH)
           ^^^^^^^^^^^^^^^^^^^^^^^^
E   sqlite3.OperationalError: unable to open database file
______________ TestAPIEndpoints.test_list_sessions_returns_list _______________
tests\test_environment.py:429: in test_list_sessions_returns_list
    r = client.get("/env/list")
        ^^^^^^^^^^^^^^^^^^^^^^^
..\..\..\AppData\Local\Python\pythoncore-3.14-64\Lib\site-packages\starlette\testclient.py:473: in get
    return super().get(
..\..\..\AppData\Local\Python\pythoncore-3.14-64\Lib\site-packages\httpx\_client.py:1053: in get
    return self.request(
..\..\..\AppData\Local\Python\pythoncore-3.14-64\Lib\site-packages\starlette\testclient.py:445: in request
    return super().request(
..\..\..\AppData\Local\Python\pythoncore-3.14-64\Lib\site-packages\httpx\_client.py:825: in request
    return self.send(request, auth=auth, follow_redirects=follow_redirects)
           ^^^^^^^^^^^^^^^^^^^^^^^^^^^^^^^^^^^^^^^^^^^^^^^^^^^^^^^^^^^^^^^^
..\..\..\AppData\Local\Python\pythoncore-3.14-64\Lib\site-packages\httpx\_client.py:914: in send
    response = self._send_handling_auth(
..\..\..\AppData\Local\Python\pythoncore-3.14-64\Lib\site-packages\httpx\_client.py:942: in _send_handling_auth
    response = self._send_handling_redirects(
..\..\..\AppData\Local\Python\pythoncore-3.14-64\Lib\site-packages\httpx\_client.py:979: in _send_handling_redirects
    response = self._send_single_request(request)
               ^^^^^^^^^^^^^^^^^^^^^^^^^^^^^^^^^^
..\..\..\AppData\Local\Python\pythoncore-3.14-64\Lib\site-packages\httpx\_client.py:1014: in _send_single_request
    response = transport.handle_request(request)
               ^^^^^^^^^^^^^^^^^^^^^^^^^^^^^^^^^
..\..\..\AppData\Local\Python\pythoncore-3.14-64\Lib\site-packages\starlette\testclient.py:348: in handle_request
    raise exc
..\..\..\AppData\Local\Python\pythoncore-3.14-64\Lib\site-packages\starlette\testclient.py:345: in handle_request
    portal.call(self.app, scope, receive, send)
..\..\..\AppData\Local\Python\pythoncore-3.14-64\Lib\site-packages\anyio\from_thread.py:334: in call
    return cast(T_Retval, self.start_task_soon(func, *args).result())
                          ^^^^^^^^^^^^^^^^^^^^^^^^^^^^^^^^^^^^^^^^^^
..\..\..\AppData\Local\Python\pythoncore-3.14-64\Lib\concurrent\futures\_base.py:450: in result
    return self.__get_result()
           ^^^^^^^^^^^^^^^^^^^
..\..\..\AppData\Local\Python\pythoncore-3.14-64\Lib\concurrent\futures\_base.py:395: in __get_result
    raise self._exception
..\..\..\AppData\Local\Python\pythoncore-3.14-64\Lib\site-packages\anyio\from_thread.py:259: in _call_func
    retval = await retval_or_awaitable
             ^^^^^^^^^^^^^^^^^^^^^^^^^
..\..\..\AppData\Local\Python\pythoncore-3.14-64\Lib\site-packages\fastapi\applications.py:1138: in __call__
    await super().__call__(scope, receive, send)
..\..\..\AppData\Local\Python\pythoncore-3.14-64\Lib\site-packages\starlette\applications.py:107: in __call__
    await self.middleware_stack(scope, receive, send)
..\..\..\AppData\Local\Python\pythoncore-3.14-64\Lib\site-packages\starlette\middleware\errors.py:186: in __call__
    raise exc
..\..\..\AppData\Local\Python\pythoncore-3.14-64\Lib\site-packages\starlette\middleware\errors.py:164: in __call__
    await self.app(scope, receive, _send)
..\..\..\AppData\Local\Python\pythoncore-3.14-64\Lib\site-packages\starlette\middleware\exceptions.py:63: in __call__
    await wrap_app_handling_exceptions(self.app, conn)(scope, receive, send)
..\..\..\AppData\Local\Python\pythoncore-3.14-64\Lib\site-packages\starlette\_exception_handler.py:53: in wrapped_app
    raise exc
..\..\..\AppData\Local\Python\pythoncore-3.14-64\Lib\site-packages\starlette\_exception_handler.py:42: in wrapped_app
    await app(scope, receive, sender)
..\..\..\AppData\Local\Python\pythoncore-3.14-64\Lib\site-packages\fastapi\middleware\asyncexitstack.py:18: in __call__
    await self.app(scope, receive, send)
..\..\..\AppData\Local\Python\pythoncore-3.14-64\Lib\site-packages\starlette\routing.py:716: in __call__
    await self.middleware_stack(scope, receive, send)
..\..\..\AppData\Local\Python\pythoncore-3.14-64\Lib\site-packages\starlette\routing.py:736: in app
    await route.handle(scope, receive, send)
..\..\..\AppData\Local\Python\pythoncore-3.14-64\Lib\site-packages\starlette\routing.py:290: in handle
    await self.app(scope, receive, send)
..\..\..\AppData\Local\Python\pythoncore-3.14-64\Lib\site-packages\fastapi\routing.py:121: in app
    await wrap_app_handling_exceptions(app, request)(scope, receive, send)
..\..\..\AppData\Local\Python\pythoncore-3.14-64\Lib\site-packages\starlette\_exception_handler.py:53: in wrapped_app
    raise exc
..\..\..\AppData\Local\Python\pythoncore-3.14-64\Lib\site-packages\starlette\_exception_handler.py:42: in wrapped_app
    await app(scope, receive, sender)
..\..\..\AppData\Local\Python\pythoncore-3.14-64\Lib\site-packages\fastapi\routing.py:107: in app
    response = await f(request)
               ^^^^^^^^^^^^^^^^
..\..\..\AppData\Local\Python\pythoncore-3.14-64\Lib\site-packages\fastapi\routing.py:426: in app
    raw_response = await run_endpoint_function(
..\..\..\AppData\Local\Python\pythoncore-3.14-64\Lib\site-packages\fastapi\routing.py:316: in run_endpoint_function
    return await run_in_threadpool(dependant.call, **values)
           ^^^^^^^^^^^^^^^^^^^^^^^^^^^^^^^^^^^^^^^^^^^^^^^^^
..\..\..\AppData\Local\Python\pythoncore-3.14-64\Lib\site-packages\starlette\concurrency.py:32: in run_in_threadpool
    return await anyio.to_thread.run_sync(func)
           ^^^^^^^^^^^^^^^^^^^^^^^^^^^^^^^^^^^^
..\..\..\AppData\Local\Python\pythoncore-3.14-64\Lib\site-packages\anyio\to_thread.py:63: in run_sync
    return await get_async_backend().run_sync_in_worker_thread(
..\..\..\AppData\Local\Python\pythoncore-3.14-64\Lib\site-packages\anyio\_backends\_asyncio.py:2502: in run_sync_in_worker_thread
    return await future
           ^^^^^^^^^^^^
..\..\..\AppData\Local\Python\pythoncore-3.14-64\Lib\site-packages\anyio\_backends\_asyncio.py:986: in run
    result = context.run(func, *args)
             ^^^^^^^^^^^^^^^^^^^^^^^^
server.py:164: in list_sessions
    with get_db() as conn:
         ^^^^^^^^
server.py:19: in get_db
    conn = sqlite3.connect(DB_PATH)
           ^^^^^^^^^^^^^^^^^^^^^^^^
E   sqlite3.OperationalError: unable to open database file
____________________ TestAPIEndpoints.test_delete_session _____________________
tests\test_environment.py:435: in test_delete_session
    r = client.post("/env/create", json={"task_id": "classify_licenses", "seed": 99})
        ^^^^^^^^^^^^^^^^^^^^^^^^^^^^^^^^^^^^^^^^^^^^^^^^^^^^^^^^^^^^^^^^^^^^^^^^^^^^^
..\..\..\AppData\Local\Python\pythoncore-3.14-64\Lib\site-packages\starlette\testclient.py:546: in post
    return super().post(
..\..\..\AppData\Local\Python\pythoncore-3.14-64\Lib\site-packages\httpx\_client.py:1144: in post
    return self.request(
..\..\..\AppData\Local\Python\pythoncore-3.14-64\Lib\site-packages\starlette\testclient.py:445: in request
    return super().request(
..\..\..\AppData\Local\Python\pythoncore-3.14-64\Lib\site-packages\httpx\_client.py:825: in request
    return self.send(request, auth=auth, follow_redirects=follow_redirects)
           ^^^^^^^^^^^^^^^^^^^^^^^^^^^^^^^^^^^^^^^^^^^^^^^^^^^^^^^^^^^^^^^^
..\..\..\AppData\Local\Python\pythoncore-3.14-64\Lib\site-packages\httpx\_client.py:914: in send
    response = self._send_handling_auth(
..\..\..\AppData\Local\Python\pythoncore-3.14-64\Lib\site-packages\httpx\_client.py:942: in _send_handling_auth
    response = self._send_handling_redirects(
..\..\..\AppData\Local\Python\pythoncore-3.14-64\Lib\site-packages\httpx\_client.py:979: in _send_handling_redirects
    response = self._send_single_request(request)
               ^^^^^^^^^^^^^^^^^^^^^^^^^^^^^^^^^^
..\..\..\AppData\Local\Python\pythoncore-3.14-64\Lib\site-packages\httpx\_client.py:1014: in _send_single_request
    response = transport.handle_request(request)
               ^^^^^^^^^^^^^^^^^^^^^^^^^^^^^^^^^
..\..\..\AppData\Local\Python\pythoncore-3.14-64\Lib\site-packages\starlette\testclient.py:348: in handle_request
    raise exc
..\..\..\AppData\Local\Python\pythoncore-3.14-64\Lib\site-packages\starlette\testclient.py:345: in handle_request
    portal.call(self.app, scope, receive, send)
..\..\..\AppData\Local\Python\pythoncore-3.14-64\Lib\site-packages\anyio\from_thread.py:334: in call
    return cast(T_Retval, self.start_task_soon(func, *args).result())
                          ^^^^^^^^^^^^^^^^^^^^^^^^^^^^^^^^^^^^^^^^^^
..\..\..\AppData\Local\Python\pythoncore-3.14-64\Lib\concurrent\futures\_base.py:450: in result
    return self.__get_result()
           ^^^^^^^^^^^^^^^^^^^
..\..\..\AppData\Local\Python\pythoncore-3.14-64\Lib\concurrent\futures\_base.py:395: in __get_result
    raise self._exception
..\..\..\AppData\Local\Python\pythoncore-3.14-64\Lib\site-packages\anyio\from_thread.py:259: in _call_func
    retval = await retval_or_awaitable
             ^^^^^^^^^^^^^^^^^^^^^^^^^
..\..\..\AppData\Local\Python\pythoncore-3.14-64\Lib\site-packages\fastapi\applications.py:1138: in __call__
    await super().__call__(scope, receive, send)
..\..\..\AppData\Local\Python\pythoncore-3.14-64\Lib\site-packages\starlette\applications.py:107: in __call__
    await self.middleware_stack(scope, receive, send)
..\..\..\AppData\Local\Python\pythoncore-3.14-64\Lib\site-packages\starlette\middleware\errors.py:186: in __call__
    raise exc
..\..\..\AppData\Local\Python\pythoncore-3.14-64\Lib\site-packages\starlette\middleware\errors.py:164: in __call__
    await self.app(scope, receive, _send)
..\..\..\AppData\Local\Python\pythoncore-3.14-64\Lib\site-packages\starlette\middleware\exceptions.py:63: in __call__
    await wrap_app_handling_exceptions(self.app, conn)(scope, receive, send)
..\..\..\AppData\Local\Python\pythoncore-3.14-64\Lib\site-packages\starlette\_exception_handler.py:53: in wrapped_app
    raise exc
..\..\..\AppData\Local\Python\pythoncore-3.14-64\Lib\site-packages\starlette\_exception_handler.py:42: in wrapped_app
    await app(scope, receive, sender)
..\..\..\AppData\Local\Python\pythoncore-3.14-64\Lib\site-packages\fastapi\middleware\asyncexitstack.py:18: in __call__
    await self.app(scope, receive, send)
..\..\..\AppData\Local\Python\pythoncore-3.14-64\Lib\site-packages\starlette\routing.py:716: in __call__
    await self.middleware_stack(scope, receive, send)
..\..\..\AppData\Local\Python\pythoncore-3.14-64\Lib\site-packages\starlette\routing.py:736: in app
    await route.handle(scope, receive, send)
..\..\..\AppData\Local\Python\pythoncore-3.14-64\Lib\site-packages\starlette\routing.py:290: in handle
    await self.app(scope, receive, send)
..\..\..\AppData\Local\Python\pythoncore-3.14-64\Lib\site-packages\fastapi\routing.py:121: in app
    await wrap_app_handling_exceptions(app, request)(scope, receive, send)
..\..\..\AppData\Local\Python\pythoncore-3.14-64\Lib\site-packages\starlette\_exception_handler.py:53: in wrapped_app
    raise exc
..\..\..\AppData\Local\Python\pythoncore-3.14-64\Lib\site-packages\starlette\_exception_handler.py:42: in wrapped_app
    await app(scope, receive, sender)
..\..\..\AppData\Local\Python\pythoncore-3.14-64\Lib\site-packages\fastapi\routing.py:107: in app
    response = await f(request)
               ^^^^^^^^^^^^^^^^
..\..\..\AppData\Local\Python\pythoncore-3.14-64\Lib\site-packages\fastapi\routing.py:426: in app
    raw_response = await run_endpoint_function(
..\..\..\AppData\Local\Python\pythoncore-3.14-64\Lib\site-packages\fastapi\routing.py:316: in run_endpoint_function
    return await run_in_threadpool(dependant.call, **values)
           ^^^^^^^^^^^^^^^^^^^^^^^^^^^^^^^^^^^^^^^^^^^^^^^^^
..\..\..\AppData\Local\Python\pythoncore-3.14-64\Lib\site-packages\starlette\concurrency.py:32: in run_in_threadpool
    return await anyio.to_thread.run_sync(func)
           ^^^^^^^^^^^^^^^^^^^^^^^^^^^^^^^^^^^^
..\..\..\AppData\Local\Python\pythoncore-3.14-64\Lib\site-packages\anyio\to_thread.py:63: in run_sync
    return await get_async_backend().run_sync_in_worker_thread(
..\..\..\AppData\Local\Python\pythoncore-3.14-64\Lib\site-packages\anyio\_backends\_asyncio.py:2502: in run_sync_in_worker_thread
    return await future
           ^^^^^^^^^^^^
..\..\..\AppData\Local\Python\pythoncore-3.14-64\Lib\site-packages\anyio\_backends\_asyncio.py:986: in run
    result = context.run(func, *args)
             ^^^^^^^^^^^^^^^^^^^^^^^^
server.py:78: in create_session
    with get_db() as conn:
         ^^^^^^^^
server.py:19: in get_db
    conn = sqlite3.connect(DB_PATH)
           ^^^^^^^^^^^^^^^^^^^^^^^^
E   sqlite3.OperationalError: unable to open database file
______________ TestAPIEndpoints.test_delete_nonexistent_session _______________
tests\test_environment.py:445: in test_delete_nonexistent_session
    r = client.delete("/env/delete/nonexistent-uuid")
        ^^^^^^^^^^^^^^^^^^^^^^^^^^^^^^^^^^^^^^^^^^^^^
..\..\..\AppData\Local\Python\pythoncore-3.14-64\Lib\site-packages\starlette\testclient.py:635: in delete
    return super().delete(
..\..\..\AppData\Local\Python\pythoncore-3.14-64\Lib\site-packages\httpx\_client.py:1251: in delete
    return self.request(
..\..\..\AppData\Local\Python\pythoncore-3.14-64\Lib\site-packages\starlette\testclient.py:445: in request
    return super().request(
..\..\..\AppData\Local\Python\pythoncore-3.14-64\Lib\site-packages\httpx\_client.py:825: in request
    return self.send(request, auth=auth, follow_redirects=follow_redirects)
           ^^^^^^^^^^^^^^^^^^^^^^^^^^^^^^^^^^^^^^^^^^^^^^^^^^^^^^^^^^^^^^^^
..\..\..\AppData\Local\Python\pythoncore-3.14-64\Lib\site-packages\httpx\_client.py:914: in send
    response = self._send_handling_auth(
..\..\..\AppData\Local\Python\pythoncore-3.14-64\Lib\site-packages\httpx\_client.py:942: in _send_handling_auth
    response = self._send_handling_redirects(
..\..\..\AppData\Local\Python\pythoncore-3.14-64\Lib\site-packages\httpx\_client.py:979: in _send_handling_redirects
    response = self._send_single_request(request)
               ^^^^^^^^^^^^^^^^^^^^^^^^^^^^^^^^^^
..\..\..\AppData\Local\Python\pythoncore-3.14-64\Lib\site-packages\httpx\_client.py:1014: in _send_single_request
    response = transport.handle_request(request)
               ^^^^^^^^^^^^^^^^^^^^^^^^^^^^^^^^^
..\..\..\AppData\Local\Python\pythoncore-3.14-64\Lib\site-packages\starlette\testclient.py:348: in handle_request
    raise exc
..\..\..\AppData\Local\Python\pythoncore-3.14-64\Lib\site-packages\starlette\testclient.py:345: in handle_request
    portal.call(self.app, scope, receive, send)
..\..\..\AppData\Local\Python\pythoncore-3.14-64\Lib\site-packages\anyio\from_thread.py:334: in call
    return cast(T_Retval, self.start_task_soon(func, *args).result())
                          ^^^^^^^^^^^^^^^^^^^^^^^^^^^^^^^^^^^^^^^^^^
..\..\..\AppData\Local\Python\pythoncore-3.14-64\Lib\concurrent\futures\_base.py:450: in result
    return self.__get_result()
           ^^^^^^^^^^^^^^^^^^^
..\..\..\AppData\Local\Python\pythoncore-3.14-64\Lib\concurrent\futures\_base.py:395: in __get_result
    raise self._exception
..\..\..\AppData\Local\Python\pythoncore-3.14-64\Lib\site-packages\anyio\from_thread.py:259: in _call_func
    retval = await retval_or_awaitable
             ^^^^^^^^^^^^^^^^^^^^^^^^^
..\..\..\AppData\Local\Python\pythoncore-3.14-64\Lib\site-packages\fastapi\applications.py:1138: in __call__
    await super().__call__(scope, receive, send)
..\..\..\AppData\Local\Python\pythoncore-3.14-64\Lib\site-packages\starlette\applications.py:107: in __call__
    await self.middleware_stack(scope, receive, send)
..\..\..\AppData\Local\Python\pythoncore-3.14-64\Lib\site-packages\starlette\middleware\errors.py:186: in __call__
    raise exc
..\..\..\AppData\Local\Python\pythoncore-3.14-64\Lib\site-packages\starlette\middleware\errors.py:164: in __call__
    await self.app(scope, receive, _send)
..\..\..\AppData\Local\Python\pythoncore-3.14-64\Lib\site-packages\starlette\middleware\exceptions.py:63: in __call__
    await wrap_app_handling_exceptions(self.app, conn)(scope, receive, send)
..\..\..\AppData\Local\Python\pythoncore-3.14-64\Lib\site-packages\starlette\_exception_handler.py:53: in wrapped_app
    raise exc
..\..\..\AppData\Local\Python\pythoncore-3.14-64\Lib\site-packages\starlette\_exception_handler.py:42: in wrapped_app
    await app(scope, receive, sender)
..\..\..\AppData\Local\Python\pythoncore-3.14-64\Lib\site-packages\fastapi\middleware\asyncexitstack.py:18: in __call__
    await self.app(scope, receive, send)
..\..\..\AppData\Local\Python\pythoncore-3.14-64\Lib\site-packages\starlette\routing.py:716: in __call__
    await self.middleware_stack(scope, receive, send)
..\..\..\AppData\Local\Python\pythoncore-3.14-64\Lib\site-packages\starlette\routing.py:736: in app
    await route.handle(scope, receive, send)
..\..\..\AppData\Local\Python\pythoncore-3.14-64\Lib\site-packages\starlette\routing.py:290: in handle
    await self.app(scope, receive, send)
..\..\..\AppData\Local\Python\pythoncore-3.14-64\Lib\site-packages\fastapi\routing.py:121: in app
    await wrap_app_handling_exceptions(app, request)(scope, receive, send)
..\..\..\AppData\Local\Python\pythoncore-3.14-64\Lib\site-packages\starlette\_exception_handler.py:53: in wrapped_app
    raise exc
..\..\..\AppData\Local\Python\pythoncore-3.14-64\Lib\site-packages\starlette\_exception_handler.py:42: in wrapped_app
    await app(scope, receive, sender)
..\..\..\AppData\Local\Python\pythoncore-3.14-64\Lib\site-packages\fastapi\routing.py:107: in app
    response = await f(request)
               ^^^^^^^^^^^^^^^^
..\..\..\AppData\Local\Python\pythoncore-3.14-64\Lib\site-packages\fastapi\routing.py:426: in app
    raw_response = await run_endpoint_function(
..\..\..\AppData\Local\Python\pythoncore-3.14-64\Lib\site-packages\fastapi\routing.py:316: in run_endpoint_function
    return await run_in_threadpool(dependant.call, **values)
           ^^^^^^^^^^^^^^^^^^^^^^^^^^^^^^^^^^^^^^^^^^^^^^^^^
..\..\..\AppData\Local\Python\pythoncore-3.14-64\Lib\site-packages\starlette\concurrency.py:32: in run_in_threadpool
    return await anyio.to_thread.run_sync(func)
           ^^^^^^^^^^^^^^^^^^^^^^^^^^^^^^^^^^^^
..\..\..\AppData\Local\Python\pythoncore-3.14-64\Lib\site-packages\anyio\to_thread.py:63: in run_sync
    return await get_async_backend().run_sync_in_worker_thread(
..\..\..\AppData\Local\Python\pythoncore-3.14-64\Lib\site-packages\anyio\_backends\_asyncio.py:2502: in run_sync_in_worker_thread
    return await future
           ^^^^^^^^^^^^
..\..\..\AppData\Local\Python\pythoncore-3.14-64\Lib\site-packages\anyio\_backends\_asyncio.py:986: in run
    result = context.run(func, *args)
             ^^^^^^^^^^^^^^^^^^^^^^^^
server.py:173: in delete_session
    with get_db() as conn:
         ^^^^^^^^
server.py:19: in get_db
    conn = sqlite3.connect(DB_PATH)
           ^^^^^^^^^^^^^^^^^^^^^^^^
E   sqlite3.OperationalError: unable to open database file
_______________ TestAPIEndpoints.test_step_nonexistent_session ________________
tests\test_environment.py:449: in test_step_nonexistent_session
    r = client.post("/env/step", json={
..\..\..\AppData\Local\Python\pythoncore-3.14-64\Lib\site-packages\starlette\testclient.py:546: in post
    return super().post(
..\..\..\AppData\Local\Python\pythoncore-3.14-64\Lib\site-packages\httpx\_client.py:1144: in post
    return self.request(
..\..\..\AppData\Local\Python\pythoncore-3.14-64\Lib\site-packages\starlette\testclient.py:445: in request
    return super().request(
..\..\..\AppData\Local\Python\pythoncore-3.14-64\Lib\site-packages\httpx\_client.py:825: in request
    return self.send(request, auth=auth, follow_redirects=follow_redirects)
           ^^^^^^^^^^^^^^^^^^^^^^^^^^^^^^^^^^^^^^^^^^^^^^^^^^^^^^^^^^^^^^^^
..\..\..\AppData\Local\Python\pythoncore-3.14-64\Lib\site-packages\httpx\_client.py:914: in send
    response = self._send_handling_auth(
..\..\..\AppData\Local\Python\pythoncore-3.14-64\Lib\site-packages\httpx\_client.py:942: in _send_handling_auth
    response = self._send_handling_redirects(
..\..\..\AppData\Local\Python\pythoncore-3.14-64\Lib\site-packages\httpx\_client.py:979: in _send_handling_redirects
    response = self._send_single_request(request)
               ^^^^^^^^^^^^^^^^^^^^^^^^^^^^^^^^^^
..\..\..\AppData\Local\Python\pythoncore-3.14-64\Lib\site-packages\httpx\_client.py:1014: in _send_single_request
    response = transport.handle_request(request)
               ^^^^^^^^^^^^^^^^^^^^^^^^^^^^^^^^^
..\..\..\AppData\Local\Python\pythoncore-3.14-64\Lib\site-packages\starlette\testclient.py:348: in handle_request
    raise exc
..\..\..\AppData\Local\Python\pythoncore-3.14-64\Lib\site-packages\starlette\testclient.py:345: in handle_request
    portal.call(self.app, scope, receive, send)
..\..\..\AppData\Local\Python\pythoncore-3.14-64\Lib\site-packages\anyio\from_thread.py:334: in call
    return cast(T_Retval, self.start_task_soon(func, *args).result())
                          ^^^^^^^^^^^^^^^^^^^^^^^^^^^^^^^^^^^^^^^^^^
..\..\..\AppData\Local\Python\pythoncore-3.14-64\Lib\concurrent\futures\_base.py:450: in result
    return self.__get_result()
           ^^^^^^^^^^^^^^^^^^^
..\..\..\AppData\Local\Python\pythoncore-3.14-64\Lib\concurrent\futures\_base.py:395: in __get_result
    raise self._exception
..\..\..\AppData\Local\Python\pythoncore-3.14-64\Lib\site-packages\anyio\from_thread.py:259: in _call_func
    retval = await retval_or_awaitable
             ^^^^^^^^^^^^^^^^^^^^^^^^^
..\..\..\AppData\Local\Python\pythoncore-3.14-64\Lib\site-packages\fastapi\applications.py:1138: in __call__
    await super().__call__(scope, receive, send)
..\..\..\AppData\Local\Python\pythoncore-3.14-64\Lib\site-packages\starlette\applications.py:107: in __call__
    await self.middleware_stack(scope, receive, send)
..\..\..\AppData\Local\Python\pythoncore-3.14-64\Lib\site-packages\starlette\middleware\errors.py:186: in __call__
    raise exc
..\..\..\AppData\Local\Python\pythoncore-3.14-64\Lib\site-packages\starlette\middleware\errors.py:164: in __call__
    await self.app(scope, receive, _send)
..\..\..\AppData\Local\Python\pythoncore-3.14-64\Lib\site-packages\starlette\middleware\exceptions.py:63: in __call__
    await wrap_app_handling_exceptions(self.app, conn)(scope, receive, send)
..\..\..\AppData\Local\Python\pythoncore-3.14-64\Lib\site-packages\starlette\_exception_handler.py:53: in wrapped_app
    raise exc
..\..\..\AppData\Local\Python\pythoncore-3.14-64\Lib\site-packages\starlette\_exception_handler.py:42: in wrapped_app
    await app(scope, receive, sender)
..\..\..\AppData\Local\Python\pythoncore-3.14-64\Lib\site-packages\fastapi\middleware\asyncexitstack.py:18: in __call__
    await self.app(scope, receive, send)
..\..\..\AppData\Local\Python\pythoncore-3.14-64\Lib\site-packages\starlette\routing.py:716: in __call__
    await self.middleware_stack(scope, receive, send)
..\..\..\AppData\Local\Python\pythoncore-3.14-64\Lib\site-packages\starlette\routing.py:736: in app
    await route.handle(scope, receive, send)
..\..\..\AppData\Local\Python\pythoncore-3.14-64\Lib\site-packages\starlette\routing.py:290: in handle
    await self.app(scope, receive, send)
..\..\..\AppData\Local\Python\pythoncore-3.14-64\Lib\site-packages\fastapi\routing.py:121: in app
    await wrap_app_handling_exceptions(app, request)(scope, receive, send)
..\..\..\AppData\Local\Python\pythoncore-3.14-64\Lib\site-packages\starlette\_exception_handler.py:53: in wrapped_app
    raise exc
..\..\..\AppData\Local\Python\pythoncore-3.14-64\Lib\site-packages\starlette\_exception_handler.py:42: in wrapped_app
    await app(scope, receive, sender)
..\..\..\AppData\Local\Python\pythoncore-3.14-64\Lib\site-packages\fastapi\routing.py:107: in app
    response = await f(request)
               ^^^^^^^^^^^^^^^^
..\..\..\AppData\Local\Python\pythoncore-3.14-64\Lib\site-packages\fastapi\routing.py:426: in app
    raw_response = await run_endpoint_function(
..\..\..\AppData\Local\Python\pythoncore-3.14-64\Lib\site-packages\fastapi\routing.py:316: in run_endpoint_function
    return await run_in_threadpool(dependant.call, **values)
           ^^^^^^^^^^^^^^^^^^^^^^^^^^^^^^^^^^^^^^^^^^^^^^^^^
..\..\..\AppData\Local\Python\pythoncore-3.14-64\Lib\site-packages\starlette\concurrency.py:32: in run_in_threadpool
    return await anyio.to_thread.run_sync(func)
           ^^^^^^^^^^^^^^^^^^^^^^^^^^^^^^^^^^^^
..\..\..\AppData\Local\Python\pythoncore-3.14-64\Lib\site-packages\anyio\to_thread.py:63: in run_sync
    return await get_async_backend().run_sync_in_worker_thread(
..\..\..\AppData\Local\Python\pythoncore-3.14-64\Lib\site-packages\anyio\_backends\_asyncio.py:2502: in run_sync_in_worker_thread
    return await future
           ^^^^^^^^^^^^
..\..\..\AppData\Local\Python\pythoncore-3.14-64\Lib\site-packages\anyio\_backends\_asyncio.py:986: in run
    result = context.run(func, *args)
             ^^^^^^^^^^^^^^^^^^^^^^^^
server.py:91: in step_session
    with get_db() as conn:
         ^^^^^^^^
server.py:19: in get_db
    conn = sqlite3.connect(DB_PATH)
           ^^^^^^^^^^^^^^^^^^^^^^^^
E   sqlite3.OperationalError: unable to open database file
_________ TestAPIEndpoints.test_invalid_task_id_still_creates_session _________
tests\test_environment.py:456: in test_invalid_task_id_still_creates_session
    r = client.post("/env/create", json={"task_id": "bogus_task", "seed": 1})
        ^^^^^^^^^^^^^^^^^^^^^^^^^^^^^^^^^^^^^^^^^^^^^^^^^^^^^^^^^^^^^^^^^^^^^
..\..\..\AppData\Local\Python\pythoncore-3.14-64\Lib\site-packages\starlette\testclient.py:546: in post
    return super().post(
..\..\..\AppData\Local\Python\pythoncore-3.14-64\Lib\site-packages\httpx\_client.py:1144: in post
    return self.request(
..\..\..\AppData\Local\Python\pythoncore-3.14-64\Lib\site-packages\starlette\testclient.py:445: in request
    return super().request(
..\..\..\AppData\Local\Python\pythoncore-3.14-64\Lib\site-packages\httpx\_client.py:825: in request
    return self.send(request, auth=auth, follow_redirects=follow_redirects)
           ^^^^^^^^^^^^^^^^^^^^^^^^^^^^^^^^^^^^^^^^^^^^^^^^^^^^^^^^^^^^^^^^
..\..\..\AppData\Local\Python\pythoncore-3.14-64\Lib\site-packages\httpx\_client.py:914: in send
    response = self._send_handling_auth(
..\..\..\AppData\Local\Python\pythoncore-3.14-64\Lib\site-packages\httpx\_client.py:942: in _send_handling_auth
    response = self._send_handling_redirects(
..\..\..\AppData\Local\Python\pythoncore-3.14-64\Lib\site-packages\httpx\_client.py:979: in _send_handling_redirects
    response = self._send_single_request(request)
               ^^^^^^^^^^^^^^^^^^^^^^^^^^^^^^^^^^
..\..\..\AppData\Local\Python\pythoncore-3.14-64\Lib\site-packages\httpx\_client.py:1014: in _send_single_request
    response = transport.handle_request(request)
               ^^^^^^^^^^^^^^^^^^^^^^^^^^^^^^^^^
..\..\..\AppData\Local\Python\pythoncore-3.14-64\Lib\site-packages\starlette\testclient.py:348: in handle_request
    raise exc
..\..\..\AppData\Local\Python\pythoncore-3.14-64\Lib\site-packages\starlette\testclient.py:345: in handle_request
    portal.call(self.app, scope, receive, send)
..\..\..\AppData\Local\Python\pythoncore-3.14-64\Lib\site-packages\anyio\from_thread.py:334: in call
    return cast(T_Retval, self.start_task_soon(func, *args).result())
                          ^^^^^^^^^^^^^^^^^^^^^^^^^^^^^^^^^^^^^^^^^^
..\..\..\AppData\Local\Python\pythoncore-3.14-64\Lib\concurrent\futures\_base.py:450: in result
    return self.__get_result()
           ^^^^^^^^^^^^^^^^^^^
..\..\..\AppData\Local\Python\pythoncore-3.14-64\Lib\concurrent\futures\_base.py:395: in __get_result
    raise self._exception
..\..\..\AppData\Local\Python\pythoncore-3.14-64\Lib\site-packages\anyio\from_thread.py:259: in _call_func
    retval = await retval_or_awaitable
             ^^^^^^^^^^^^^^^^^^^^^^^^^
..\..\..\AppData\Local\Python\pythoncore-3.14-64\Lib\site-packages\fastapi\applications.py:1138: in __call__
    await super().__call__(scope, receive, send)
..\..\..\AppData\Local\Python\pythoncore-3.14-64\Lib\site-packages\starlette\applications.py:107: in __call__
    await self.middleware_stack(scope, receive, send)
..\..\..\AppData\Local\Python\pythoncore-3.14-64\Lib\site-packages\starlette\middleware\errors.py:186: in __call__
    raise exc
..\..\..\AppData\Local\Python\pythoncore-3.14-64\Lib\site-packages\starlette\middleware\errors.py:164: in __call__
    await self.app(scope, receive, _send)
..\..\..\AppData\Local\Python\pythoncore-3.14-64\Lib\site-packages\starlette\middleware\exceptions.py:63: in __call__
    await wrap_app_handling_exceptions(self.app, conn)(scope, receive, send)
..\..\..\AppData\Local\Python\pythoncore-3.14-64\Lib\site-packages\starlette\_exception_handler.py:53: in wrapped_app
    raise exc
..\..\..\AppData\Local\Python\pythoncore-3.14-64\Lib\site-packages\starlette\_exception_handler.py:42: in wrapped_app
    await app(scope, receive, sender)
..\..\..\AppData\Local\Python\pythoncore-3.14-64\Lib\site-packages\fastapi\middleware\asyncexitstack.py:18: in __call__
    await self.app(scope, receive, send)
..\..\..\AppData\Local\Python\pythoncore-3.14-64\Lib\site-packages\starlette\routing.py:716: in __call__
    await self.middleware_stack(scope, receive, send)
..\..\..\AppData\Local\Python\pythoncore-3.14-64\Lib\site-packages\starlette\routing.py:736: in app
    await route.handle(scope, receive, send)
..\..\..\AppData\Local\Python\pythoncore-3.14-64\Lib\site-packages\starlette\routing.py:290: in handle
    await self.app(scope, receive, send)
..\..\..\AppData\Local\Python\pythoncore-3.14-64\Lib\site-packages\fastapi\routing.py:121: in app
    await wrap_app_handling_exceptions(app, request)(scope, receive, send)
..\..\..\AppData\Local\Python\pythoncore-3.14-64\Lib\site-packages\starlette\_exception_handler.py:53: in wrapped_app
    raise exc
..\..\..\AppData\Local\Python\pythoncore-3.14-64\Lib\site-packages\starlette\_exception_handler.py:42: in wrapped_app
    await app(scope, receive, sender)
..\..\..\AppData\Local\Python\pythoncore-3.14-64\Lib\site-packages\fastapi\routing.py:107: in app
    response = await f(request)
               ^^^^^^^^^^^^^^^^
..\..\..\AppData\Local\Python\pythoncore-3.14-64\Lib\site-packages\fastapi\routing.py:426: in app
    raw_response = await run_endpoint_function(
..\..\..\AppData\Local\Python\pythoncore-3.14-64\Lib\site-packages\fastapi\routing.py:316: in run_endpoint_function
    return await run_in_threadpool(dependant.call, **values)
           ^^^^^^^^^^^^^^^^^^^^^^^^^^^^^^^^^^^^^^^^^^^^^^^^^
..\..\..\AppData\Local\Python\pythoncore-3.14-64\Lib\site-packages\starlette\concurrency.py:32: in run_in_threadpool
    return await anyio.to_thread.run_sync(func)
           ^^^^^^^^^^^^^^^^^^^^^^^^^^^^^^^^^^^^
..\..\..\AppData\Local\Python\pythoncore-3.14-64\Lib\site-packages\anyio\to_thread.py:63: in run_sync
    return await get_async_backend().run_sync_in_worker_thread(
..\..\..\AppData\Local\Python\pythoncore-3.14-64\Lib\site-packages\anyio\_backends\_asyncio.py:2502: in run_sync_in_worker_thread
    return await future
           ^^^^^^^^^^^^
..\..\..\AppData\Local\Python\pythoncore-3.14-64\Lib\site-packages\anyio\_backends\_asyncio.py:986: in run
    result = context.run(func, *args)
             ^^^^^^^^^^^^^^^^^^^^^^^^
server.py:78: in create_session
    with get_db() as conn:
         ^^^^^^^^
server.py:19: in get_db
    conn = sqlite3.connect(DB_PATH)
           ^^^^^^^^^^^^^^^^^^^^^^^^
E   sqlite3.OperationalError: unable to open database file
_ TestAPIEndpoints.test_all_task_types_create_successfully[classify_licenses] _
tests\test_environment.py:463: in test_all_task_types_create_successfully
    r = client.post("/env/create", json={"task_id": task_id, "seed": 42})
        ^^^^^^^^^^^^^^^^^^^^^^^^^^^^^^^^^^^^^^^^^^^^^^^^^^^^^^^^^^^^^^^^^
..\..\..\AppData\Local\Python\pythoncore-3.14-64\Lib\site-packages\starlette\testclient.py:546: in post
    return super().post(
..\..\..\AppData\Local\Python\pythoncore-3.14-64\Lib\site-packages\httpx\_client.py:1144: in post
    return self.request(
..\..\..\AppData\Local\Python\pythoncore-3.14-64\Lib\site-packages\starlette\testclient.py:445: in request
    return super().request(
..\..\..\AppData\Local\Python\pythoncore-3.14-64\Lib\site-packages\httpx\_client.py:825: in request
    return self.send(request, auth=auth, follow_redirects=follow_redirects)
           ^^^^^^^^^^^^^^^^^^^^^^^^^^^^^^^^^^^^^^^^^^^^^^^^^^^^^^^^^^^^^^^^
..\..\..\AppData\Local\Python\pythoncore-3.14-64\Lib\site-packages\httpx\_client.py:914: in send
    response = self._send_handling_auth(
..\..\..\AppData\Local\Python\pythoncore-3.14-64\Lib\site-packages\httpx\_client.py:942: in _send_handling_auth
    response = self._send_handling_redirects(
..\..\..\AppData\Local\Python\pythoncore-3.14-64\Lib\site-packages\httpx\_client.py:979: in _send_handling_redirects
    response = self._send_single_request(request)
               ^^^^^^^^^^^^^^^^^^^^^^^^^^^^^^^^^^
..\..\..\AppData\Local\Python\pythoncore-3.14-64\Lib\site-packages\httpx\_client.py:1014: in _send_single_request
    response = transport.handle_request(request)
               ^^^^^^^^^^^^^^^^^^^^^^^^^^^^^^^^^
..\..\..\AppData\Local\Python\pythoncore-3.14-64\Lib\site-packages\starlette\testclient.py:348: in handle_request
    raise exc
..\..\..\AppData\Local\Python\pythoncore-3.14-64\Lib\site-packages\starlette\testclient.py:345: in handle_request
    portal.call(self.app, scope, receive, send)
..\..\..\AppData\Local\Python\pythoncore-3.14-64\Lib\site-packages\anyio\from_thread.py:334: in call
    return cast(T_Retval, self.start_task_soon(func, *args).result())
                          ^^^^^^^^^^^^^^^^^^^^^^^^^^^^^^^^^^^^^^^^^^
..\..\..\AppData\Local\Python\pythoncore-3.14-64\Lib\concurrent\futures\_base.py:450: in result
    return self.__get_result()
           ^^^^^^^^^^^^^^^^^^^
..\..\..\AppData\Local\Python\pythoncore-3.14-64\Lib\concurrent\futures\_base.py:395: in __get_result
    raise self._exception
..\..\..\AppData\Local\Python\pythoncore-3.14-64\Lib\site-packages\anyio\from_thread.py:259: in _call_func
    retval = await retval_or_awaitable
             ^^^^^^^^^^^^^^^^^^^^^^^^^
..\..\..\AppData\Local\Python\pythoncore-3.14-64\Lib\site-packages\fastapi\applications.py:1138: in __call__
    await super().__call__(scope, receive, send)
..\..\..\AppData\Local\Python\pythoncore-3.14-64\Lib\site-packages\starlette\applications.py:107: in __call__
    await self.middleware_stack(scope, receive, send)
..\..\..\AppData\Local\Python\pythoncore-3.14-64\Lib\site-packages\starlette\middleware\errors.py:186: in __call__
    raise exc
..\..\..\AppData\Local\Python\pythoncore-3.14-64\Lib\site-packages\starlette\middleware\errors.py:164: in __call__
    await self.app(scope, receive, _send)
..\..\..\AppData\Local\Python\pythoncore-3.14-64\Lib\site-packages\starlette\middleware\exceptions.py:63: in __call__
    await wrap_app_handling_exceptions(self.app, conn)(scope, receive, send)
..\..\..\AppData\Local\Python\pythoncore-3.14-64\Lib\site-packages\starlette\_exception_handler.py:53: in wrapped_app
    raise exc
..\..\..\AppData\Local\Python\pythoncore-3.14-64\Lib\site-packages\starlette\_exception_handler.py:42: in wrapped_app
    await app(scope, receive, sender)
..\..\..\AppData\Local\Python\pythoncore-3.14-64\Lib\site-packages\fastapi\middleware\asyncexitstack.py:18: in __call__
    await self.app(scope, receive, send)
..\..\..\AppData\Local\Python\pythoncore-3.14-64\Lib\site-packages\starlette\routing.py:716: in __call__
    await self.middleware_stack(scope, receive, send)
..\..\..\AppData\Local\Python\pythoncore-3.14-64\Lib\site-packages\starlette\routing.py:736: in app
    await route.handle(scope, receive, send)
..\..\..\AppData\Local\Python\pythoncore-3.14-64\Lib\site-packages\starlette\routing.py:290: in handle
    await self.app(scope, receive, send)
..\..\..\AppData\Local\Python\pythoncore-3.14-64\Lib\site-packages\fastapi\routing.py:121: in app
    await wrap_app_handling_exceptions(app, request)(scope, receive, send)
..\..\..\AppData\Local\Python\pythoncore-3.14-64\Lib\site-packages\starlette\_exception_handler.py:53: in wrapped_app
    raise exc
..\..\..\AppData\Local\Python\pythoncore-3.14-64\Lib\site-packages\starlette\_exception_handler.py:42: in wrapped_app
    await app(scope, receive, sender)
..\..\..\AppData\Local\Python\pythoncore-3.14-64\Lib\site-packages\fastapi\routing.py:107: in app
    response = await f(request)
               ^^^^^^^^^^^^^^^^
..\..\..\AppData\Local\Python\pythoncore-3.14-64\Lib\site-packages\fastapi\routing.py:426: in app
    raw_response = await run_endpoint_function(
..\..\..\AppData\Local\Python\pythoncore-3.14-64\Lib\site-packages\fastapi\routing.py:316: in run_endpoint_function
    return await run_in_threadpool(dependant.call, **values)
           ^^^^^^^^^^^^^^^^^^^^^^^^^^^^^^^^^^^^^^^^^^^^^^^^^
..\..\..\AppData\Local\Python\pythoncore-3.14-64\Lib\site-packages\starlette\concurrency.py:32: in run_in_threadpool
    return await anyio.to_thread.run_sync(func)
           ^^^^^^^^^^^^^^^^^^^^^^^^^^^^^^^^^^^^
..\..\..\AppData\Local\Python\pythoncore-3.14-64\Lib\site-packages\anyio\to_thread.py:63: in run_sync
    return await get_async_backend().run_sync_in_worker_thread(
..\..\..\AppData\Local\Python\pythoncore-3.14-64\Lib\site-packages\anyio\_backends\_asyncio.py:2502: in run_sync_in_worker_thread
    return await future
           ^^^^^^^^^^^^
..\..\..\AppData\Local\Python\pythoncore-3.14-64\Lib\site-packages\anyio\_backends\_asyncio.py:986: in run
    result = context.run(func, *args)
             ^^^^^^^^^^^^^^^^^^^^^^^^
server.py:78: in create_session
    with get_db() as conn:
         ^^^^^^^^
server.py:19: in get_db
    conn = sqlite3.connect(DB_PATH)
           ^^^^^^^^^^^^^^^^^^^^^^^^
E   sqlite3.OperationalError: unable to open database file
_ TestAPIEndpoints.test_all_task_types_create_successfully[detect_conflicts] __
tests\test_environment.py:463: in test_all_task_types_create_successfully
    r = client.post("/env/create", json={"task_id": task_id, "seed": 42})
        ^^^^^^^^^^^^^^^^^^^^^^^^^^^^^^^^^^^^^^^^^^^^^^^^^^^^^^^^^^^^^^^^^
..\..\..\AppData\Local\Python\pythoncore-3.14-64\Lib\site-packages\starlette\testclient.py:546: in post
    return super().post(
..\..\..\AppData\Local\Python\pythoncore-3.14-64\Lib\site-packages\httpx\_client.py:1144: in post
    return self.request(
..\..\..\AppData\Local\Python\pythoncore-3.14-64\Lib\site-packages\starlette\testclient.py:445: in request
    return super().request(
..\..\..\AppData\Local\Python\pythoncore-3.14-64\Lib\site-packages\httpx\_client.py:825: in request
    return self.send(request, auth=auth, follow_redirects=follow_redirects)
           ^^^^^^^^^^^^^^^^^^^^^^^^^^^^^^^^^^^^^^^^^^^^^^^^^^^^^^^^^^^^^^^^
..\..\..\AppData\Local\Python\pythoncore-3.14-64\Lib\site-packages\httpx\_client.py:914: in send
    response = self._send_handling_auth(
..\..\..\AppData\Local\Python\pythoncore-3.14-64\Lib\site-packages\httpx\_client.py:942: in _send_handling_auth
    response = self._send_handling_redirects(
..\..\..\AppData\Local\Python\pythoncore-3.14-64\Lib\site-packages\httpx\_client.py:979: in _send_handling_redirects
    response = self._send_single_request(request)
               ^^^^^^^^^^^^^^^^^^^^^^^^^^^^^^^^^^
..\..\..\AppData\Local\Python\pythoncore-3.14-64\Lib\site-packages\httpx\_client.py:1014: in _send_single_request
    response = transport.handle_request(request)
               ^^^^^^^^^^^^^^^^^^^^^^^^^^^^^^^^^
..\..\..\AppData\Local\Python\pythoncore-3.14-64\Lib\site-packages\starlette\testclient.py:348: in handle_request
    raise exc
..\..\..\AppData\Local\Python\pythoncore-3.14-64\Lib\site-packages\starlette\testclient.py:345: in handle_request
    portal.call(self.app, scope, receive, send)
..\..\..\AppData\Local\Python\pythoncore-3.14-64\Lib\site-packages\anyio\from_thread.py:334: in call
    return cast(T_Retval, self.start_task_soon(func, *args).result())
                          ^^^^^^^^^^^^^^^^^^^^^^^^^^^^^^^^^^^^^^^^^^
..\..\..\AppData\Local\Python\pythoncore-3.14-64\Lib\concurrent\futures\_base.py:450: in result
    return self.__get_result()
           ^^^^^^^^^^^^^^^^^^^
..\..\..\AppData\Local\Python\pythoncore-3.14-64\Lib\concurrent\futures\_base.py:395: in __get_result
    raise self._exception
..\..\..\AppData\Local\Python\pythoncore-3.14-64\Lib\site-packages\anyio\from_thread.py:259: in _call_func
    retval = await retval_or_awaitable
             ^^^^^^^^^^^^^^^^^^^^^^^^^
..\..\..\AppData\Local\Python\pythoncore-3.14-64\Lib\site-packages\fastapi\applications.py:1138: in __call__
    await super().__call__(scope, receive, send)
..\..\..\AppData\Local\Python\pythoncore-3.14-64\Lib\site-packages\starlette\applications.py:107: in __call__
    await self.middleware_stack(scope, receive, send)
..\..\..\AppData\Local\Python\pythoncore-3.14-64\Lib\site-packages\starlette\middleware\errors.py:186: in __call__
    raise exc
..\..\..\AppData\Local\Python\pythoncore-3.14-64\Lib\site-packages\starlette\middleware\errors.py:164: in __call__
    await self.app(scope, receive, _send)
..\..\..\AppData\Local\Python\pythoncore-3.14-64\Lib\site-packages\starlette\middleware\exceptions.py:63: in __call__
    await wrap_app_handling_exceptions(self.app, conn)(scope, receive, send)
..\..\..\AppData\Local\Python\pythoncore-3.14-64\Lib\site-packages\starlette\_exception_handler.py:53: in wrapped_app
    raise exc
..\..\..\AppData\Local\Python\pythoncore-3.14-64\Lib\site-packages\starlette\_exception_handler.py:42: in wrapped_app
    await app(scope, receive, sender)
..\..\..\AppData\Local\Python\pythoncore-3.14-64\Lib\site-packages\fastapi\middleware\asyncexitstack.py:18: in __call__
    await self.app(scope, receive, send)
..\..\..\AppData\Local\Python\pythoncore-3.14-64\Lib\site-packages\starlette\routing.py:716: in __call__
    await self.middleware_stack(scope, receive, send)
..\..\..\AppData\Local\Python\pythoncore-3.14-64\Lib\site-packages\starlette\routing.py:736: in app
    await route.handle(scope, receive, send)
..\..\..\AppData\Local\Python\pythoncore-3.14-64\Lib\site-packages\starlette\routing.py:290: in handle
    await self.app(scope, receive, send)
..\..\..\AppData\Local\Python\pythoncore-3.14-64\Lib\site-packages\fastapi\routing.py:121: in app
    await wrap_app_handling_exceptions(app, request)(scope, receive, send)
..\..\..\AppData\Local\Python\pythoncore-3.14-64\Lib\site-packages\starlette\_exception_handler.py:53: in wrapped_app
    raise exc
..\..\..\AppData\Local\Python\pythoncore-3.14-64\Lib\site-packages\starlette\_exception_handler.py:42: in wrapped_app
    await app(scope, receive, sender)
..\..\..\AppData\Local\Python\pythoncore-3.14-64\Lib\site-packages\fastapi\routing.py:107: in app
    response = await f(request)
               ^^^^^^^^^^^^^^^^
..\..\..\AppData\Local\Python\pythoncore-3.14-64\Lib\site-packages\fastapi\routing.py:426: in app
    raw_response = await run_endpoint_function(
..\..\..\AppData\Local\Python\pythoncore-3.14-64\Lib\site-packages\fastapi\routing.py:316: in run_endpoint_function
    return await run_in_threadpool(dependant.call, **values)
           ^^^^^^^^^^^^^^^^^^^^^^^^^^^^^^^^^^^^^^^^^^^^^^^^^
..\..\..\AppData\Local\Python\pythoncore-3.14-64\Lib\site-packages\starlette\concurrency.py:32: in run_in_threadpool
    return await anyio.to_thread.run_sync(func)
           ^^^^^^^^^^^^^^^^^^^^^^^^^^^^^^^^^^^^
..\..\..\AppData\Local\Python\pythoncore-3.14-64\Lib\site-packages\anyio\to_thread.py:63: in run_sync
    return await get_async_backend().run_sync_in_worker_thread(
..\..\..\AppData\Local\Python\pythoncore-3.14-64\Lib\site-packages\anyio\_backends\_asyncio.py:2502: in run_sync_in_worker_thread
    return await future
           ^^^^^^^^^^^^
..\..\..\AppData\Local\Python\pythoncore-3.14-64\Lib\site-packages\anyio\_backends\_asyncio.py:986: in run
    result = context.run(func, *args)
             ^^^^^^^^^^^^^^^^^^^^^^^^
server.py:78: in create_session
    with get_db() as conn:
         ^^^^^^^^
server.py:19: in get_db
    conn = sqlite3.connect(DB_PATH)
           ^^^^^^^^^^^^^^^^^^^^^^^^
E   sqlite3.OperationalError: unable to open database file
_ TestAPIEndpoints.test_all_task_types_create_successfully[generate_compliance_report] _
tests\test_environment.py:463: in test_all_task_types_create_successfully
    r = client.post("/env/create", json={"task_id": task_id, "seed": 42})
        ^^^^^^^^^^^^^^^^^^^^^^^^^^^^^^^^^^^^^^^^^^^^^^^^^^^^^^^^^^^^^^^^^
..\..\..\AppData\Local\Python\pythoncore-3.14-64\Lib\site-packages\starlette\testclient.py:546: in post
    return super().post(
..\..\..\AppData\Local\Python\pythoncore-3.14-64\Lib\site-packages\httpx\_client.py:1144: in post
    return self.request(
..\..\..\AppData\Local\Python\pythoncore-3.14-64\Lib\site-packages\starlette\testclient.py:445: in request
    return super().request(
..\..\..\AppData\Local\Python\pythoncore-3.14-64\Lib\site-packages\httpx\_client.py:825: in request
    return self.send(request, auth=auth, follow_redirects=follow_redirects)
           ^^^^^^^^^^^^^^^^^^^^^^^^^^^^^^^^^^^^^^^^^^^^^^^^^^^^^^^^^^^^^^^^
..\..\..\AppData\Local\Python\pythoncore-3.14-64\Lib\site-packages\httpx\_client.py:914: in send
    response = self._send_handling_auth(
..\..\..\AppData\Local\Python\pythoncore-3.14-64\Lib\site-packages\httpx\_client.py:942: in _send_handling_auth
    response = self._send_handling_redirects(
..\..\..\AppData\Local\Python\pythoncore-3.14-64\Lib\site-packages\httpx\_client.py:979: in _send_handling_redirects
    response = self._send_single_request(request)
               ^^^^^^^^^^^^^^^^^^^^^^^^^^^^^^^^^^
..\..\..\AppData\Local\Python\pythoncore-3.14-64\Lib\site-packages\httpx\_client.py:1014: in _send_single_request
    response = transport.handle_request(request)
               ^^^^^^^^^^^^^^^^^^^^^^^^^^^^^^^^^
..\..\..\AppData\Local\Python\pythoncore-3.14-64\Lib\site-packages\starlette\testclient.py:348: in handle_request
    raise exc
..\..\..\AppData\Local\Python\pythoncore-3.14-64\Lib\site-packages\starlette\testclient.py:345: in handle_request
    portal.call(self.app, scope, receive, send)
..\..\..\AppData\Local\Python\pythoncore-3.14-64\Lib\site-packages\anyio\from_thread.py:334: in call
    return cast(T_Retval, self.start_task_soon(func, *args).result())
                          ^^^^^^^^^^^^^^^^^^^^^^^^^^^^^^^^^^^^^^^^^^
..\..\..\AppData\Local\Python\pythoncore-3.14-64\Lib\concurrent\futures\_base.py:450: in result
    return self.__get_result()
           ^^^^^^^^^^^^^^^^^^^
..\..\..\AppData\Local\Python\pythoncore-3.14-64\Lib\concurrent\futures\_base.py:395: in __get_result
    raise self._exception
..\..\..\AppData\Local\Python\pythoncore-3.14-64\Lib\site-packages\anyio\from_thread.py:259: in _call_func
    retval = await retval_or_awaitable
             ^^^^^^^^^^^^^^^^^^^^^^^^^
..\..\..\AppData\Local\Python\pythoncore-3.14-64\Lib\site-packages\fastapi\applications.py:1138: in __call__
    await super().__call__(scope, receive, send)
..\..\..\AppData\Local\Python\pythoncore-3.14-64\Lib\site-packages\starlette\applications.py:107: in __call__
    await self.middleware_stack(scope, receive, send)
..\..\..\AppData\Local\Python\pythoncore-3.14-64\Lib\site-packages\starlette\middleware\errors.py:186: in __call__
    raise exc
..\..\..\AppData\Local\Python\pythoncore-3.14-64\Lib\site-packages\starlette\middleware\errors.py:164: in __call__
    await self.app(scope, receive, _send)
..\..\..\AppData\Local\Python\pythoncore-3.14-64\Lib\site-packages\starlette\middleware\exceptions.py:63: in __call__
    await wrap_app_handling_exceptions(self.app, conn)(scope, receive, send)
..\..\..\AppData\Local\Python\pythoncore-3.14-64\Lib\site-packages\starlette\_exception_handler.py:53: in wrapped_app
    raise exc
..\..\..\AppData\Local\Python\pythoncore-3.14-64\Lib\site-packages\starlette\_exception_handler.py:42: in wrapped_app
    await app(scope, receive, sender)
..\..\..\AppData\Local\Python\pythoncore-3.14-64\Lib\site-packages\fastapi\middleware\asyncexitstack.py:18: in __call__
    await self.app(scope, receive, send)
..\..\..\AppData\Local\Python\pythoncore-3.14-64\Lib\site-packages\starlette\routing.py:716: in __call__
    await self.middleware_stack(scope, receive, send)
..\..\..\AppData\Local\Python\pythoncore-3.14-64\Lib\site-packages\starlette\routing.py:736: in app
    await route.handle(scope, receive, send)
..\..\..\AppData\Local\Python\pythoncore-3.14-64\Lib\site-packages\starlette\routing.py:290: in handle
    await self.app(scope, receive, send)
..\..\..\AppData\Local\Python\pythoncore-3.14-64\Lib\site-packages\fastapi\routing.py:121: in app
    await wrap_app_handling_exceptions(app, request)(scope, receive, send)
..\..\..\AppData\Local\Python\pythoncore-3.14-64\Lib\site-packages\starlette\_exception_handler.py:53: in wrapped_app
    raise exc
..\..\..\AppData\Local\Python\pythoncore-3.14-64\Lib\site-packages\starlette\_exception_handler.py:42: in wrapped_app
    await app(scope, receive, sender)
..\..\..\AppData\Local\Python\pythoncore-3.14-64\Lib\site-packages\fastapi\routing.py:107: in app
    response = await f(request)
               ^^^^^^^^^^^^^^^^
..\..\..\AppData\Local\Python\pythoncore-3.14-64\Lib\site-packages\fastapi\routing.py:426: in app
    raw_response = await run_endpoint_function(
..\..\..\AppData\Local\Python\pythoncore-3.14-64\Lib\site-packages\fastapi\routing.py:316: in run_endpoint_function
    return await run_in_threadpool(dependant.call, **values)
           ^^^^^^^^^^^^^^^^^^^^^^^^^^^^^^^^^^^^^^^^^^^^^^^^^
..\..\..\AppData\Local\Python\pythoncore-3.14-64\Lib\site-packages\starlette\concurrency.py:32: in run_in_threadpool
    return await anyio.to_thread.run_sync(func)
           ^^^^^^^^^^^^^^^^^^^^^^^^^^^^^^^^^^^^
..\..\..\AppData\Local\Python\pythoncore-3.14-64\Lib\site-packages\anyio\to_thread.py:63: in run_sync
    return await get_async_backend().run_sync_in_worker_thread(
..\..\..\AppData\Local\Python\pythoncore-3.14-64\Lib\site-packages\anyio\_backends\_asyncio.py:2502: in run_sync_in_worker_thread
    return await future
           ^^^^^^^^^^^^
..\..\..\AppData\Local\Python\pythoncore-3.14-64\Lib\site-packages\anyio\_backends\_asyncio.py:986: in run
    result = context.run(func, *args)
             ^^^^^^^^^^^^^^^^^^^^^^^^
server.py:78: in create_session
    with get_db() as conn:
         ^^^^^^^^
server.py:19: in get_db
    conn = sqlite3.connect(DB_PATH)
           ^^^^^^^^^^^^^^^^^^^^^^^^
E   sqlite3.OperationalError: unable to open database file
============================== warnings summary ===============================
server.py:23
  C:\Users\praga\OneDrive\Desktop\UnderWire\server.py:23: DeprecationWarning: 
          on_event is deprecated, use lifespan event handlers instead.
  
          Read more about it in the
          [FastAPI docs for Lifespan Events](https://fastapi.tiangolo.com/advanced/events/).
          
    @app.on_event("startup")

..\..\..\AppData\Local\Python\pythoncore-3.14-64\Lib\site-packages\fastapi\applications.py:4579
  C:\Users\praga\AppData\Local\Python\pythoncore-3.14-64\Lib\site-packages\fastapi\applications.py:4579: DeprecationWarning: 
          on_event is deprecated, use lifespan event handlers instead.
  
          Read more about it in the
          [FastAPI docs for Lifespan Events](https://fastapi.tiangolo.com/advanced/events/).
          
    return self.router.on_event(event_type)

tests/test_environment.py::TestAPIEndpoints::test_create_session
tests/test_environment.py::TestAPIEndpoints::test_step_session
tests/test_environment.py::TestAPIEndpoints::test_get_score
tests/test_environment.py::TestAPIEndpoints::test_delete_session
tests/test_environment.py::TestAPIEndpoints::test_invalid_task_id_still_creates_session
tests/test_environment.py::TestAPIEndpoints::test_all_task_types_create_successfully[classify_licenses]
tests/test_environment.py::TestAPIEndpoints::test_all_task_types_create_successfully[detect_conflicts]
tests/test_environment.py::TestAPIEndpoints::test_all_task_types_create_successfully[generate_compliance_report]
  C:\Users\praga\OneDrive\Desktop\UnderWire\server.py:71: DeprecationWarning: datetime.datetime.utcnow() is deprecated and scheduled for removal in a future version. Use timezone-aware objects to represent datetimes in UTC: datetime.datetime.now(datetime.UTC).
    created_at = datetime.utcnow().isoformat()

-- Docs: https://docs.pytest.org/en/stable/how-to/capture-warnings.html
=========================== short test summary info ===========================
FAILED tests/test_environment.py::TestAPIEndpoints::test_health - assert 500 ...
FAILED tests/test_environment.py::TestAPIEndpoints::test_create_session - sql...
FAILED tests/test_environment.py::TestAPIEndpoints::test_step_session - sqlit...
FAILED tests/test_environment.py::TestAPIEndpoints::test_get_score - sqlite3....
FAILED tests/test_environment.py::TestAPIEndpoints::test_list_sessions_returns_list
FAILED tests/test_environment.py::TestAPIEndpoints::test_delete_session - sql...
FAILED tests/test_environment.py::TestAPIEndpoints::test_delete_nonexistent_session
FAILED tests/test_environment.py::TestAPIEndpoints::test_step_nonexistent_session
FAILED tests/test_environment.py::TestAPIEndpoints::test_invalid_task_id_still_creates_session
FAILED tests/test_environment.py::TestAPIEndpoints::test_all_task_types_create_successfully[classify_licenses]
FAILED tests/test_environment.py::TestAPIEndpoints::test_all_task_types_create_successfully[detect_conflicts]
FAILED tests/test_environment.py::TestAPIEndpoints::test_all_task_types_create_successfully[generate_compliance_report]
================= 12 failed, 39 passed, 10 warnings in 4.81s ==================
